Component: ARM Compiler 5.06 update 1 (build 61) Tool: armlink [4d35a8]

==============================================================================

Section Cross References

    main.o(.text) refers to mdr32f9qx_pwm.o(.text) for initTimerPWMconstPeriod
    main.o(.text) refers to mdr32f9qx_button.o(.text) for initPinForButton
    main.o(.text) refers to mdr32f9qx_2led.o(.text) for initPinPortCForLed
    main.o(.text) refers to main.o(.data) for PWM_time
    startup_mdr32f9qx.o(STACK) refers (Special) to heapauxi.o(.text) for __use_two_region_memory
    startup_mdr32f9qx.o(HEAP) refers (Special) to heapauxi.o(.text) for __use_two_region_memory
    startup_mdr32f9qx.o(RESET) refers (Special) to heapauxi.o(.text) for __use_two_region_memory
    startup_mdr32f9qx.o(RESET) refers to startup_mdr32f9qx.o(STACK) for __initial_sp
    startup_mdr32f9qx.o(RESET) refers to startup_mdr32f9qx.o(.text) for Reset_Handler
    startup_mdr32f9qx.o(RESET) refers to main.o(.text) for Timer2_IRQHandler
    startup_mdr32f9qx.o(.text) refers (Special) to heapauxi.o(.text) for __use_two_region_memory
    startup_mdr32f9qx.o(.text) refers to system_mdr32f9qx.o(.text) for SystemInit
    startup_mdr32f9qx.o(.text) refers to __main.o(!!!main) for __main
    startup_mdr32f9qx.o(.text) refers to startup_mdr32f9qx.o(HEAP) for Heap_Mem
    startup_mdr32f9qx.o(.text) refers to startup_mdr32f9qx.o(STACK) for Stack_Mem
    system_mdr32f9qx.o(.text) refers to system_mdr32f9qx.o(.data) for SystemCoreClock
    mdr32f9qx_dma.o(.text) refers to mdr32f9qx_dma.o(.bss) for DMA_ControlTable
    mdr32f9qx_uart.o(.text) refers to mdr32f9qx_rst_clk.o(.text) for RST_CLK_GetClocksFreq
    mdr32f9qx_wwdg.o(.text) refers to mdr32f9qx_rst_clk.o(.text) for RST_CLK_PCLKcmd
    mdr32f9qx_pwm.o(.text) refers to mdr32f9qx_rst_clk.o(.text) for RST_CLK_PCLKcmd
    mdr32f9qx_pwm.o(.text) refers to mdr32f9qx_port.o(.text) for PORT_Init
    mdr32f9qx_pwm.o(.text) refers to mdr32f9qx_timer.o(.text) for TIMER_CntInit
    __main.o(!!!main) refers to __rtentry.o(.ARM.Collect$$rtentry$$00000000) for __rt_entry
    __rtentry.o(.ARM.Collect$$rtentry$$00000000) refers (Special) to __rtentry2.o(.ARM.Collect$$rtentry$$0000000A) for __rt_entry_li
    __rtentry.o(.ARM.Collect$$rtentry$$00000000) refers (Special) to __rtentry2.o(.ARM.Collect$$rtentry$$0000000D) for __rt_entry_main
    __rtentry.o(.ARM.Collect$$rtentry$$00000000) refers (Special) to __rtentry2.o(.ARM.Collect$$rtentry$$0000000C) for __rt_entry_postli_1
    __rtentry.o(.ARM.Collect$$rtentry$$00000000) refers (Special) to __rtentry2.o(.ARM.Collect$$rtentry$$00000009) for __rt_entry_postsh_1
    __rtentry.o(.ARM.Collect$$rtentry$$00000000) refers (Special) to __rtentry2.o(.ARM.Collect$$rtentry$$00000002) for __rt_entry_presh_1
    __rtentry.o(.ARM.Collect$$rtentry$$00000000) refers (Special) to __rtentry4.o(.ARM.Collect$$rtentry$$00000004) for __rt_entry_sh
    __rtentry2.o(.ARM.Collect$$rtentry$$00000008) refers to boardinit2.o(.text) for _platform_post_stackheap_init
    __rtentry2.o(.ARM.Collect$$rtentry$$0000000A) refers to libinit.o(.ARM.Collect$$libinit$$00000000) for __rt_lib_init
    __rtentry2.o(.ARM.Collect$$rtentry$$0000000B) refers to boardinit3.o(.text) for _platform_post_lib_init
    __rtentry2.o(.ARM.Collect$$rtentry$$0000000D) refers to main.o(.text) for main
    __rtentry2.o(.ARM.Collect$$rtentry$$0000000D) refers to exit.o(.text) for exit
    __rtentry2.o(.ARM.exidx) refers to __rtentry2.o(.ARM.Collect$$rtentry$$00000001) for .ARM.Collect$$rtentry$$00000001
    __rtentry2.o(.ARM.exidx) refers to __rtentry2.o(.ARM.Collect$$rtentry$$00000008) for .ARM.Collect$$rtentry$$00000008
    __rtentry2.o(.ARM.exidx) refers to __rtentry2.o(.ARM.Collect$$rtentry$$0000000A) for .ARM.Collect$$rtentry$$0000000A
    __rtentry2.o(.ARM.exidx) refers to __rtentry2.o(.ARM.Collect$$rtentry$$0000000B) for .ARM.Collect$$rtentry$$0000000B
    __rtentry2.o(.ARM.exidx) refers to __rtentry2.o(.ARM.Collect$$rtentry$$0000000D) for .ARM.Collect$$rtentry$$0000000D
    __rtentry4.o(.ARM.Collect$$rtentry$$00000004) refers to sys_stackheap_outer.o(.text) for __user_setup_stackheap
    __rtentry4.o(.ARM.exidx) refers to __rtentry4.o(.ARM.Collect$$rtentry$$00000004) for .ARM.Collect$$rtentry$$00000004
    sys_stackheap_outer.o(.text) refers to libspace.o(.text) for __user_perproc_libspace
    sys_stackheap_outer.o(.text) refers to startup_mdr32f9qx.o(.text) for __user_initial_stackheap
    exit.o(.text) refers to rtexit.o(.ARM.Collect$$rtexit$$00000000) for __rt_exit
    libinit.o(.ARM.Collect$$libinit$$00000000) refers (Special) to libinit2.o(.ARM.Collect$$libinit$$0000002E) for __rt_lib_init_alloca_1
    libinit.o(.ARM.Collect$$libinit$$00000000) refers (Special) to libinit2.o(.ARM.Collect$$libinit$$0000002C) for __rt_lib_init_argv_1
    libinit.o(.ARM.Collect$$libinit$$00000000) refers (Special) to libinit2.o(.ARM.Collect$$libinit$$0000001B) for __rt_lib_init_atexit_1
    libinit.o(.ARM.Collect$$libinit$$00000000) refers (Special) to libinit2.o(.ARM.Collect$$libinit$$00000021) for __rt_lib_init_clock_1
    libinit.o(.ARM.Collect$$libinit$$00000000) refers (Special) to libinit2.o(.ARM.Collect$$libinit$$00000032) for __rt_lib_init_cpp_1
    libinit.o(.ARM.Collect$$libinit$$00000000) refers (Special) to libinit2.o(.ARM.Collect$$libinit$$00000030) for __rt_lib_init_exceptions_1
    libinit.o(.ARM.Collect$$libinit$$00000000) refers (Special) to libinit2.o(.ARM.Collect$$libinit$$00000002) for __rt_lib_init_fp_1
    libinit.o(.ARM.Collect$$libinit$$00000000) refers (Special) to libinit2.o(.ARM.Collect$$libinit$$0000001F) for __rt_lib_init_fp_trap_1
    libinit.o(.ARM.Collect$$libinit$$00000000) refers (Special) to libinit2.o(.ARM.Collect$$libinit$$00000023) for __rt_lib_init_getenv_1
    libinit.o(.ARM.Collect$$libinit$$00000000) refers (Special) to libinit2.o(.ARM.Collect$$libinit$$0000000A) for __rt_lib_init_heap_1
    libinit.o(.ARM.Collect$$libinit$$00000000) refers (Special) to libinit2.o(.ARM.Collect$$libinit$$00000011) for __rt_lib_init_lc_collate_1
    libinit.o(.ARM.Collect$$libinit$$00000000) refers (Special) to libinit2.o(.ARM.Collect$$libinit$$00000013) for __rt_lib_init_lc_ctype_1
    libinit.o(.ARM.Collect$$libinit$$00000000) refers (Special) to libinit2.o(.ARM.Collect$$libinit$$00000015) for __rt_lib_init_lc_monetary_1
    libinit.o(.ARM.Collect$$libinit$$00000000) refers (Special) to libinit2.o(.ARM.Collect$$libinit$$00000017) for __rt_lib_init_lc_numeric_1
    libinit.o(.ARM.Collect$$libinit$$00000000) refers (Special) to libinit2.o(.ARM.Collect$$libinit$$00000019) for __rt_lib_init_lc_time_1
    libinit.o(.ARM.Collect$$libinit$$00000000) refers (Special) to libinit2.o(.ARM.Collect$$libinit$$00000004) for __rt_lib_init_preinit_1
    libinit.o(.ARM.Collect$$libinit$$00000000) refers (Special) to libinit2.o(.ARM.Collect$$libinit$$0000000E) for __rt_lib_init_rand_1
    libinit.o(.ARM.Collect$$libinit$$00000000) refers (Special) to libinit2.o(.ARM.Collect$$libinit$$00000033) for __rt_lib_init_return
    libinit.o(.ARM.Collect$$libinit$$00000000) refers (Special) to libinit2.o(.ARM.Collect$$libinit$$0000001D) for __rt_lib_init_signal_1
    libinit.o(.ARM.Collect$$libinit$$00000000) refers (Special) to libinit2.o(.ARM.Collect$$libinit$$00000025) for __rt_lib_init_stdio_1
    libinit.o(.ARM.Collect$$libinit$$00000000) refers (Special) to libinit2.o(.ARM.Collect$$libinit$$0000000C) for __rt_lib_init_user_alloc_1
    libspace.o(.text) refers to libspace.o(.bss) for __libspace_start
    rtexit.o(.ARM.Collect$$rtexit$$00000000) refers (Special) to rtexit2.o(.ARM.Collect$$rtexit$$00000004) for __rt_exit_exit
    rtexit.o(.ARM.Collect$$rtexit$$00000000) refers (Special) to rtexit2.o(.ARM.Collect$$rtexit$$00000003) for __rt_exit_ls
    rtexit.o(.ARM.Collect$$rtexit$$00000000) refers (Special) to rtexit2.o(.ARM.Collect$$rtexit$$00000002) for __rt_exit_prels_1
    rtexit.o(.ARM.exidx) refers (Special) to rtexit2.o(.ARM.Collect$$rtexit$$00000004) for __rt_exit_exit
    rtexit.o(.ARM.exidx) refers (Special) to rtexit2.o(.ARM.Collect$$rtexit$$00000003) for __rt_exit_ls
    rtexit.o(.ARM.exidx) refers (Special) to rtexit2.o(.ARM.Collect$$rtexit$$00000002) for __rt_exit_prels_1
    rtexit.o(.ARM.exidx) refers to rtexit.o(.ARM.Collect$$rtexit$$00000000) for .ARM.Collect$$rtexit$$00000000
    libinit2.o(.ARM.Collect$$libinit$$00000010) refers to libinit2.o(.ARM.Collect$$libinit$$0000000F) for .ARM.Collect$$libinit$$0000000F
    libinit2.o(.ARM.Collect$$libinit$$00000012) refers to libinit2.o(.ARM.Collect$$libinit$$0000000F) for .ARM.Collect$$libinit$$0000000F
    libinit2.o(.ARM.Collect$$libinit$$00000014) refers to libinit2.o(.ARM.Collect$$libinit$$0000000F) for .ARM.Collect$$libinit$$0000000F
    libinit2.o(.ARM.Collect$$libinit$$00000016) refers to libinit2.o(.ARM.Collect$$libinit$$0000000F) for .ARM.Collect$$libinit$$0000000F
    libinit2.o(.ARM.Collect$$libinit$$00000018) refers to libinit2.o(.ARM.Collect$$libinit$$0000000F) for .ARM.Collect$$libinit$$0000000F
    libinit2.o(.ARM.Collect$$libinit$$00000026) refers to argv_veneer.o(.emb_text) for __ARM_argv_veneer
    libinit2.o(.ARM.Collect$$libinit$$00000027) refers to argv_veneer.o(.emb_text) for __ARM_argv_veneer
    rtexit2.o(.ARM.Collect$$rtexit$$00000003) refers to libshutdown.o(.ARM.Collect$$libshutdown$$00000000) for __rt_lib_shutdown
    rtexit2.o(.ARM.Collect$$rtexit$$00000004) refers to sys_exit.o(.text) for _sys_exit
    rtexit2.o(.ARM.exidx) refers to rtexit2.o(.ARM.Collect$$rtexit$$00000001) for .ARM.Collect$$rtexit$$00000001
    rtexit2.o(.ARM.exidx) refers to rtexit2.o(.ARM.Collect$$rtexit$$00000003) for .ARM.Collect$$rtexit$$00000003
    rtexit2.o(.ARM.exidx) refers to rtexit2.o(.ARM.Collect$$rtexit$$00000004) for .ARM.Collect$$rtexit$$00000004
    argv_veneer.o(.emb_text) refers to no_argv.o(.text) for __ARM_get_argv
    sys_exit.o(.text) refers (Special) to use_no_semi.o(.text) for __I$use$semihosting
    sys_exit.o(.text) refers (Special) to indicate_semi.o(.text) for __semihosting_library_function
    _get_argv_nomalloc.o(.text) refers (Special) to hrguard.o(.text) for __heap_region$guard
    _get_argv_nomalloc.o(.text) refers to defsig_rtmem_outer.o(.text) for __rt_SIGRTMEM
    _get_argv_nomalloc.o(.text) refers to sys_command.o(.text) for _sys_command_string
    libshutdown.o(.ARM.Collect$$libshutdown$$00000000) refers (Special) to libshutdown2.o(.ARM.Collect$$libshutdown$$00000002) for __rt_lib_shutdown_cpp_1
    libshutdown.o(.ARM.Collect$$libshutdown$$00000000) refers (Special) to libshutdown2.o(.ARM.Collect$$libshutdown$$00000007) for __rt_lib_shutdown_fp_trap_1
    libshutdown.o(.ARM.Collect$$libshutdown$$00000000) refers (Special) to libshutdown2.o(.ARM.Collect$$libshutdown$$0000000F) for __rt_lib_shutdown_heap_1
    libshutdown.o(.ARM.Collect$$libshutdown$$00000000) refers (Special) to libshutdown2.o(.ARM.Collect$$libshutdown$$00000010) for __rt_lib_shutdown_return
    libshutdown.o(.ARM.Collect$$libshutdown$$00000000) refers (Special) to libshutdown2.o(.ARM.Collect$$libshutdown$$0000000A) for __rt_lib_shutdown_signal_1
    libshutdown.o(.ARM.Collect$$libshutdown$$00000000) refers (Special) to libshutdown2.o(.ARM.Collect$$libshutdown$$00000004) for __rt_lib_shutdown_stdio_1
    libshutdown.o(.ARM.Collect$$libshutdown$$00000000) refers (Special) to libshutdown2.o(.ARM.Collect$$libshutdown$$0000000C) for __rt_lib_shutdown_user_alloc_1
    sys_command.o(.text) refers (Special) to use_no_semi.o(.text) for __I$use$semihosting
    sys_command.o(.text) refers (Special) to indicate_semi.o(.text) for __semihosting_library_function
    defsig_rtmem_outer.o(.text) refers to defsig_rtmem_inner.o(.text) for __rt_SIGRTMEM_inner
    defsig_rtmem_outer.o(.text) refers to defsig_exit.o(.text) for __sig_exit
    defsig_rtmem_formal.o(.text) refers to rt_raise.o(.text) for __rt_raise
    rt_raise.o(.text) refers to __raise.o(.text) for __raise
    rt_raise.o(.text) refers to sys_exit.o(.text) for _sys_exit
    defsig_exit.o(.text) refers to sys_exit.o(.text) for _sys_exit
    defsig_rtmem_inner.o(.text) refers to defsig_general.o(.text) for __default_signal_display
    __raise.o(.text) refers to defsig.o(CL$$defsig) for __default_signal_handler
    defsig_general.o(.text) refers to sys_wrch.o(.text) for _ttywrch
    sys_wrch.o(.text) refers (Special) to use_no_semi.o(.text) for __I$use$semihosting
    sys_wrch.o(.text) refers (Special) to indicate_semi.o(.text) for __semihosting_library_function
    defsig.o(CL$$defsig) refers to defsig_rtmem_inner.o(.text) for __rt_SIGRTMEM_inner
    defsig_abrt_inner.o(.text) refers to defsig_general.o(.text) for __default_signal_display
    defsig_fpe_inner.o(.text) refers to defsig_general.o(.text) for __default_signal_display
    defsig_rtred_inner.o(.text) refers to defsig_general.o(.text) for __default_signal_display
    defsig_stak_inner.o(.text) refers to defsig_general.o(.text) for __default_signal_display
    defsig_pvfn_inner.o(.text) refers to defsig_general.o(.text) for __default_signal_display
    defsig_cppl_inner.o(.text) refers to defsig_general.o(.text) for __default_signal_display
    defsig_segv_inner.o(.text) refers to defsig_general.o(.text) for __default_signal_display
    defsig_other.o(.text) refers to defsig_general.o(.text) for __default_signal_display


==============================================================================

Removing Unused input sections from the image.

    Removing main.o(.rev16_text), (4 bytes).
    Removing main.o(.revsh_text), (4 bytes).
    Removing system_mdr32f9qx.o(.rev16_text), (4 bytes).
    Removing system_mdr32f9qx.o(.revsh_text), (4 bytes).
    Removing mdr32f9qx_adc.o(.rev16_text), (4 bytes).
    Removing mdr32f9qx_adc.o(.revsh_text), (4 bytes).
    Removing mdr32f9qx_adc.o(.text), (948 bytes).
    Removing mdr32f9qx_audio.o(.rev16_text), (4 bytes).
    Removing mdr32f9qx_audio.o(.revsh_text), (4 bytes).
    Removing mdr32f9qx_bkp.o(.rev16_text), (4 bytes).
    Removing mdr32f9qx_bkp.o(.revsh_text), (4 bytes).
    Removing mdr32f9qx_bkp.o(.text), (244 bytes).
    Removing mdr32f9qx_can.o(.rev16_text), (4 bytes).
    Removing mdr32f9qx_can.o(.revsh_text), (4 bytes).
    Removing mdr32f9qx_can.o(.text), (1028 bytes).
    Removing mdr32f9qx_comp.o(.rev16_text), (4 bytes).
    Removing mdr32f9qx_comp.o(.revsh_text), (4 bytes).
    Removing mdr32f9qx_comp.o(.text), (308 bytes).
    Removing mdr32f9qx_dac.o(.rev16_text), (4 bytes).
    Removing mdr32f9qx_dac.o(.revsh_text), (4 bytes).
    Removing mdr32f9qx_dac.o(.text), (144 bytes).
    Removing mdr32f9qx_dma.o(.rev16_text), (4 bytes).
    Removing mdr32f9qx_dma.o(.revsh_text), (4 bytes).
    Removing mdr32f9qx_dma.o(.text), (744 bytes).
    Removing mdr32f9qx_dma.o(.bss), (1024 bytes).
    Removing mdr32f9qx_ebc.o(.rev16_text), (4 bytes).
    Removing mdr32f9qx_ebc.o(.revsh_text), (4 bytes).
    Removing mdr32f9qx_ebc.o(.text), (240 bytes).
    Removing mdr32f9qx_eeprom.o(.rev16_text), (4 bytes).
    Removing mdr32f9qx_eeprom.o(.revsh_text), (4 bytes).
    Removing mdr32f9qx_eeprom.o(.text), (12 bytes).
    Removing mdr32f9qx_eeprom.o(EXECUTABLE_MEMORY_SECTION), (796 bytes).
    Removing mdr32f9qx_i2c.o(.rev16_text), (4 bytes).
    Removing mdr32f9qx_i2c.o(.revsh_text), (4 bytes).
    Removing mdr32f9qx_i2c.o(.text), (264 bytes).
    Removing mdr32f9qx_iwdg.o(.rev16_text), (4 bytes).
    Removing mdr32f9qx_iwdg.o(.revsh_text), (4 bytes).
    Removing mdr32f9qx_iwdg.o(.text), (72 bytes).
    Removing mdr32f9qx_keypad.o(.rev16_text), (4 bytes).
    Removing mdr32f9qx_keypad.o(.revsh_text), (4 bytes).
    Removing mdr32f9qx_led.o(.rev16_text), (4 bytes).
    Removing mdr32f9qx_led.o(.revsh_text), (4 bytes).
    Removing mdr32f9qx_port.o(.rev16_text), (4 bytes).
    Removing mdr32f9qx_port.o(.revsh_text), (4 bytes).
    Removing mdr32f9qx_power.o(.rev16_text), (4 bytes).
    Removing mdr32f9qx_power.o(.revsh_text), (4 bytes).
    Removing mdr32f9qx_power.o(.text), (320 bytes).
    Removing mdr32f9qx_rst_clk.o(.rev16_text), (4 bytes).
    Removing mdr32f9qx_rst_clk.o(.revsh_text), (4 bytes).
    Removing mdr32f9qx_ssp.o(.rev16_text), (4 bytes).
    Removing mdr32f9qx_ssp.o(.revsh_text), (4 bytes).
    Removing mdr32f9qx_ssp.o(.text), (280 bytes).
    Removing mdr32f9qx_timer.o(.rev16_text), (4 bytes).
    Removing mdr32f9qx_timer.o(.revsh_text), (4 bytes).
    Removing mdr32f9qx_uart.o(.rev16_text), (4 bytes).
    Removing mdr32f9qx_uart.o(.revsh_text), (4 bytes).
    Removing mdr32f9qx_uart.o(.text), (520 bytes).
    Removing mdr32f9qx_usb.o(.rev16_text), (4 bytes).
    Removing mdr32f9qx_usb.o(.revsh_text), (4 bytes).
    Removing mdr32f9qx_usb.o(.text), (772 bytes).
    Removing mdr32f9qx_wwdg.o(.rev16_text), (4 bytes).
    Removing mdr32f9qx_wwdg.o(.revsh_text), (4 bytes).
    Removing mdr32f9qx_wwdg.o(.text), (124 bytes).
    Removing mdr32f9qx_button.o(.rev16_text), (4 bytes).
    Removing mdr32f9qx_button.o(.revsh_text), (4 bytes).
    Removing mdr32f9qx_2led.o(.rev16_text), (4 bytes).
    Removing mdr32f9qx_2led.o(.revsh_text), (4 bytes).
    Removing mdr32f9qx_pwm.o(.rev16_text), (4 bytes).
    Removing mdr32f9qx_pwm.o(.revsh_text), (4 bytes).

69 unused section(s) (total 8048 bytes) removed from the image.

==============================================================================

Image Symbol Table

    Local Symbols

    Symbol Name                              Value     Ov Type        Size  Object(Section)

    ../clib/angel/boardlib.s                 0x00000000   Number         0  boardinit3.o ABSOLUTE
    ../clib/angel/boardlib.s                 0x00000000   Number         0  boardinit2.o ABSOLUTE
    ../clib/angel/boardlib.s                 0x00000000   Number         0  boardinit1.o ABSOLUTE
    ../clib/angel/boardlib.s                 0x00000000   Number         0  boardshut.o ABSOLUTE
    ../clib/angel/handlers.s                 0x00000000   Number         0  __scatter_zi.o ABSOLUTE
    ../clib/angel/handlers.s                 0x00000000   Number         0  __scatter_copy.o ABSOLUTE
    ../clib/angel/kernel.s                   0x00000000   Number         0  __rtentry4.o ABSOLUTE
    ../clib/angel/kernel.s                   0x00000000   Number         0  __rtentry2.o ABSOLUTE
    ../clib/angel/kernel.s                   0x00000000   Number         0  rtexit2.o ABSOLUTE
    ../clib/angel/kernel.s                   0x00000000   Number         0  __rtentry.o ABSOLUTE
    ../clib/angel/kernel.s                   0x00000000   Number         0  rtexit.o ABSOLUTE
    ../clib/angel/rt.s                       0x00000000   Number         0  rt_raise.o ABSOLUTE
    ../clib/angel/scatter.s                  0x00000000   Number         0  __scatter.o ABSOLUTE
    ../clib/angel/startup.s                  0x00000000   Number         0  __main.o ABSOLUTE
    ../clib/angel/sys.s                      0x00000000   Number         0  sys_stackheap_outer.o ABSOLUTE
    ../clib/angel/sys.s                      0x00000000   Number         0  libspace.o ABSOLUTE
    ../clib/angel/sys.s                      0x00000000   Number         0  indicate_semi.o ABSOLUTE
    ../clib/angel/sys.s                      0x00000000   Number         0  use_no_semi.o ABSOLUTE
    ../clib/angel/sysapp.c                   0x00000000   Number         0  sys_exit.o ABSOLUTE
    ../clib/angel/sysapp.c                   0x00000000   Number         0  sys_wrch.o ABSOLUTE
    ../clib/angel/sysapp.c                   0x00000000   Number         0  sys_command.o ABSOLUTE
    ../clib/armsys.c                         0x00000000   Number         0  _get_argv_nomalloc.o ABSOLUTE
    ../clib/armsys.c                         0x00000000   Number         0  no_argv.o ABSOLUTE
    ../clib/armsys.c                         0x00000000   Number         0  argv_veneer.o ABSOLUTE
    ../clib/armsys.c                         0x00000000   Number         0  argv_veneer.o ABSOLUTE
    ../clib/heapalloc.c                      0x00000000   Number         0  hrguard.o ABSOLUTE
    ../clib/heapaux.c                        0x00000000   Number         0  heapauxi.o ABSOLUTE
    ../clib/libinit.s                        0x00000000   Number         0  libinit.o ABSOLUTE
    ../clib/libinit.s                        0x00000000   Number         0  libshutdown.o ABSOLUTE
    ../clib/libinit.s                        0x00000000   Number         0  libshutdown2.o ABSOLUTE
    ../clib/libinit.s                        0x00000000   Number         0  libinit2.o ABSOLUTE
    ../clib/signal.c                         0x00000000   Number         0  defsig_abrt_inner.o ABSOLUTE
    ../clib/signal.c                         0x00000000   Number         0  defsig_exit.o ABSOLUTE
    ../clib/signal.c                         0x00000000   Number         0  defsig_general.o ABSOLUTE
    ../clib/signal.c                         0x00000000   Number         0  defsig_rtmem_inner.o ABSOLUTE
    ../clib/signal.c                         0x00000000   Number         0  __raise.o ABSOLUTE
    ../clib/signal.c                         0x00000000   Number         0  defsig_other.o ABSOLUTE
    ../clib/signal.c                         0x00000000   Number         0  defsig_fpe_inner.o ABSOLUTE
    ../clib/signal.c                         0x00000000   Number         0  defsig_cppl_inner.o ABSOLUTE
    ../clib/signal.c                         0x00000000   Number         0  defsig_pvfn_inner.o ABSOLUTE
    ../clib/signal.c                         0x00000000   Number         0  defsig_stak_inner.o ABSOLUTE
    ../clib/signal.c                         0x00000000   Number         0  defsig_rtred_inner.o ABSOLUTE
    ../clib/signal.c                         0x00000000   Number         0  defsig_rtmem_outer.o ABSOLUTE
    ../clib/signal.c                         0x00000000   Number         0  defsig_segv_inner.o ABSOLUTE
    ../clib/signal.c                         0x00000000   Number         0  defsig_rtmem_formal.o ABSOLUTE
    ../clib/signal.s                         0x00000000   Number         0  defsig.o ABSOLUTE
    ../clib/stdlib.c                         0x00000000   Number         0  exit.o ABSOLUTE
    ../fplib/fpinit.s                        0x00000000   Number         0  fpinit.o ABSOLUTE
    CMSIS\CM3\DeviceSupport\MDR32F9Qx\startup\arm\startup_MDR32F9Qx.s 0x00000000   Number         0  startup_mdr32f9qx.o ABSOLUTE
    CMSIS\CM3\DeviceSupport\MDR32F9Qx\startup\arm\system_MDR32F9Qx.c 0x00000000   Number         0  system_mdr32f9qx.o ABSOLUTE
    CMSIS\\CM3\\DeviceSupport\\MDR32F9Qx\\startup\\arm\\system_MDR32F9Qx.c 0x00000000   Number         0  system_mdr32f9qx.o ABSOLUTE
    E:\MyLIB_for_1986BE92QI\MDR_PORT\src\MDR32F9Qx_2led.c 0x00000000   Number         0  mdr32f9qx_2led.o ABSOLUTE
    E:\MyLIB_for_1986BE92QI\MDR_PORT\src\MDR32F9Qx_button.c 0x00000000   Number         0  mdr32f9qx_button.o ABSOLUTE
    E:\MyLIB_for_1986BE92QI\MDR_TIMER\src\MDR32F9Qx_PWM.c 0x00000000   Number         0  mdr32f9qx_pwm.o ABSOLUTE
    E:\\MyLIB_for_1986BE92QI\\MDR_PORT\\src\\MDR32F9Qx_2led.c 0x00000000   Number         0  mdr32f9qx_2led.o ABSOLUTE
    E:\\MyLIB_for_1986BE92QI\\MDR_PORT\\src\\MDR32F9Qx_button.c 0x00000000   Number         0  mdr32f9qx_button.o ABSOLUTE
    E:\\MyLIB_for_1986BE92QI\\MDR_TIMER\\src\\MDR32F9Qx_PWM.c 0x00000000   Number         0  mdr32f9qx_pwm.o ABSOLUTE
    MDR32F9Qx_StdPeriph_Driver\\src\\MDR32F9Qx_adc.c 0x00000000   Number         0  mdr32f9qx_adc.o ABSOLUTE
    MDR32F9Qx_StdPeriph_Driver\\src\\MDR32F9Qx_audio.c 0x00000000   Number         0  mdr32f9qx_audio.o ABSOLUTE
    MDR32F9Qx_StdPeriph_Driver\\src\\MDR32F9Qx_bkp.c 0x00000000   Number         0  mdr32f9qx_bkp.o ABSOLUTE
    MDR32F9Qx_StdPeriph_Driver\\src\\MDR32F9Qx_can.c 0x00000000   Number         0  mdr32f9qx_can.o ABSOLUTE
    MDR32F9Qx_StdPeriph_Driver\\src\\MDR32F9Qx_comp.c 0x00000000   Number         0  mdr32f9qx_comp.o ABSOLUTE
    MDR32F9Qx_StdPeriph_Driver\\src\\MDR32F9Qx_dac.c 0x00000000   Number         0  mdr32f9qx_dac.o ABSOLUTE
    MDR32F9Qx_StdPeriph_Driver\\src\\MDR32F9Qx_dma.c 0x00000000   Number         0  mdr32f9qx_dma.o ABSOLUTE
    MDR32F9Qx_StdPeriph_Driver\\src\\MDR32F9Qx_ebc.c 0x00000000   Number         0  mdr32f9qx_ebc.o ABSOLUTE
    MDR32F9Qx_StdPeriph_Driver\\src\\MDR32F9Qx_eeprom.c 0x00000000   Number         0  mdr32f9qx_eeprom.o ABSOLUTE
    MDR32F9Qx_StdPeriph_Driver\\src\\MDR32F9Qx_i2c.c 0x00000000   Number         0  mdr32f9qx_i2c.o ABSOLUTE
    MDR32F9Qx_StdPeriph_Driver\\src\\MDR32F9Qx_iwdg.c 0x00000000   Number         0  mdr32f9qx_iwdg.o ABSOLUTE
    MDR32F9Qx_StdPeriph_Driver\\src\\MDR32F9Qx_keypad.c 0x00000000   Number         0  mdr32f9qx_keypad.o ABSOLUTE
    MDR32F9Qx_StdPeriph_Driver\\src\\MDR32F9Qx_led.c 0x00000000   Number         0  mdr32f9qx_led.o ABSOLUTE
    MDR32F9Qx_StdPeriph_Driver\\src\\MDR32F9Qx_port.c 0x00000000   Number         0  mdr32f9qx_port.o ABSOLUTE
    MDR32F9Qx_StdPeriph_Driver\\src\\MDR32F9Qx_power.c 0x00000000   Number         0  mdr32f9qx_power.o ABSOLUTE
    MDR32F9Qx_StdPeriph_Driver\\src\\MDR32F9Qx_rst_clk.c 0x00000000   Number         0  mdr32f9qx_rst_clk.o ABSOLUTE
    MDR32F9Qx_StdPeriph_Driver\\src\\MDR32F9Qx_ssp.c 0x00000000   Number         0  mdr32f9qx_ssp.o ABSOLUTE
    MDR32F9Qx_StdPeriph_Driver\\src\\MDR32F9Qx_timer.c 0x00000000   Number         0  mdr32f9qx_timer.o ABSOLUTE
    MDR32F9Qx_StdPeriph_Driver\\src\\MDR32F9Qx_uart.c 0x00000000   Number         0  mdr32f9qx_uart.o ABSOLUTE
    MDR32F9Qx_StdPeriph_Driver\\src\\MDR32F9Qx_usb.c 0x00000000   Number         0  mdr32f9qx_usb.o ABSOLUTE
    MDR32F9Qx_StdPeriph_Driver\\src\\MDR32F9Qx_wwdg.c 0x00000000   Number         0  mdr32f9qx_wwdg.o ABSOLUTE
    MDR32F9Qx_StdPeriph_Driver\src\MDR32F9Qx_adc.c 0x00000000   Number         0  mdr32f9qx_adc.o ABSOLUTE
    MDR32F9Qx_StdPeriph_Driver\src\MDR32F9Qx_audio.c 0x00000000   Number         0  mdr32f9qx_audio.o ABSOLUTE
    MDR32F9Qx_StdPeriph_Driver\src\MDR32F9Qx_bkp.c 0x00000000   Number         0  mdr32f9qx_bkp.o ABSOLUTE
    MDR32F9Qx_StdPeriph_Driver\src\MDR32F9Qx_can.c 0x00000000   Number         0  mdr32f9qx_can.o ABSOLUTE
    MDR32F9Qx_StdPeriph_Driver\src\MDR32F9Qx_comp.c 0x00000000   Number         0  mdr32f9qx_comp.o ABSOLUTE
    MDR32F9Qx_StdPeriph_Driver\src\MDR32F9Qx_dac.c 0x00000000   Number         0  mdr32f9qx_dac.o ABSOLUTE
    MDR32F9Qx_StdPeriph_Driver\src\MDR32F9Qx_dma.c 0x00000000   Number         0  mdr32f9qx_dma.o ABSOLUTE
    MDR32F9Qx_StdPeriph_Driver\src\MDR32F9Qx_ebc.c 0x00000000   Number         0  mdr32f9qx_ebc.o ABSOLUTE
    MDR32F9Qx_StdPeriph_Driver\src\MDR32F9Qx_eeprom.c 0x00000000   Number         0  mdr32f9qx_eeprom.o ABSOLUTE
    MDR32F9Qx_StdPeriph_Driver\src\MDR32F9Qx_i2c.c 0x00000000   Number         0  mdr32f9qx_i2c.o ABSOLUTE
    MDR32F9Qx_StdPeriph_Driver\src\MDR32F9Qx_iwdg.c 0x00000000   Number         0  mdr32f9qx_iwdg.o ABSOLUTE
    MDR32F9Qx_StdPeriph_Driver\src\MDR32F9Qx_keypad.c 0x00000000   Number         0  mdr32f9qx_keypad.o ABSOLUTE
    MDR32F9Qx_StdPeriph_Driver\src\MDR32F9Qx_led.c 0x00000000   Number         0  mdr32f9qx_led.o ABSOLUTE
    MDR32F9Qx_StdPeriph_Driver\src\MDR32F9Qx_port.c 0x00000000   Number         0  mdr32f9qx_port.o ABSOLUTE
    MDR32F9Qx_StdPeriph_Driver\src\MDR32F9Qx_power.c 0x00000000   Number         0  mdr32f9qx_power.o ABSOLUTE
    MDR32F9Qx_StdPeriph_Driver\src\MDR32F9Qx_rst_clk.c 0x00000000   Number         0  mdr32f9qx_rst_clk.o ABSOLUTE
    MDR32F9Qx_StdPeriph_Driver\src\MDR32F9Qx_ssp.c 0x00000000   Number         0  mdr32f9qx_ssp.o ABSOLUTE
    MDR32F9Qx_StdPeriph_Driver\src\MDR32F9Qx_timer.c 0x00000000   Number         0  mdr32f9qx_timer.o ABSOLUTE
    MDR32F9Qx_StdPeriph_Driver\src\MDR32F9Qx_uart.c 0x00000000   Number         0  mdr32f9qx_uart.o ABSOLUTE
    MDR32F9Qx_StdPeriph_Driver\src\MDR32F9Qx_usb.c 0x00000000   Number         0  mdr32f9qx_usb.o ABSOLUTE
    MDR32F9Qx_StdPeriph_Driver\src\MDR32F9Qx_wwdg.c 0x00000000   Number         0  mdr32f9qx_wwdg.o ABSOLUTE
    dc.s                                     0x00000000   Number         0  dc.o ABSOLUTE
    main.c                                   0x00000000   Number         0  main.o ABSOLUTE
    main.c                                   0x00000000   Number         0  main.o ABSOLUTE
    RESET                                    0x08000000   Section      192  startup_mdr32f9qx.o(RESET)
    !!!main                                  0x080000c0   Section        8  __main.o(!!!main)
    !!!scatter                               0x080000c8   Section       52  __scatter.o(!!!scatter)
    !!handler_copy                           0x080000fc   Section       26  __scatter_copy.o(!!handler_copy)
    !!handler_zi                             0x08000118   Section       28  __scatter_zi.o(!!handler_zi)
    .ARM.Collect$$libinit$$00000000          0x08000134   Section        2  libinit.o(.ARM.Collect$$libinit$$00000000)
    .ARM.Collect$$libinit$$00000002          0x08000136   Section        0  libinit2.o(.ARM.Collect$$libinit$$00000002)
    .ARM.Collect$$libinit$$00000004          0x08000136   Section        0  libinit2.o(.ARM.Collect$$libinit$$00000004)
    .ARM.Collect$$libinit$$0000000A          0x08000136   Section        0  libinit2.o(.ARM.Collect$$libinit$$0000000A)
    .ARM.Collect$$libinit$$0000000C          0x08000136   Section        0  libinit2.o(.ARM.Collect$$libinit$$0000000C)
    .ARM.Collect$$libinit$$0000000E          0x08000136   Section        0  libinit2.o(.ARM.Collect$$libinit$$0000000E)
    .ARM.Collect$$libinit$$00000011          0x08000136   Section        0  libinit2.o(.ARM.Collect$$libinit$$00000011)
    .ARM.Collect$$libinit$$00000013          0x08000136   Section        0  libinit2.o(.ARM.Collect$$libinit$$00000013)
    .ARM.Collect$$libinit$$00000015          0x08000136   Section        0  libinit2.o(.ARM.Collect$$libinit$$00000015)
    .ARM.Collect$$libinit$$00000017          0x08000136   Section        0  libinit2.o(.ARM.Collect$$libinit$$00000017)
    .ARM.Collect$$libinit$$00000019          0x08000136   Section        0  libinit2.o(.ARM.Collect$$libinit$$00000019)
    .ARM.Collect$$libinit$$0000001B          0x08000136   Section        0  libinit2.o(.ARM.Collect$$libinit$$0000001B)
    .ARM.Collect$$libinit$$0000001D          0x08000136   Section        0  libinit2.o(.ARM.Collect$$libinit$$0000001D)
    .ARM.Collect$$libinit$$0000001F          0x08000136   Section        0  libinit2.o(.ARM.Collect$$libinit$$0000001F)
    .ARM.Collect$$libinit$$00000021          0x08000136   Section        0  libinit2.o(.ARM.Collect$$libinit$$00000021)
    .ARM.Collect$$libinit$$00000023          0x08000136   Section        0  libinit2.o(.ARM.Collect$$libinit$$00000023)
    .ARM.Collect$$libinit$$00000025          0x08000136   Section        0  libinit2.o(.ARM.Collect$$libinit$$00000025)
    .ARM.Collect$$libinit$$0000002C          0x08000136   Section        0  libinit2.o(.ARM.Collect$$libinit$$0000002C)
    .ARM.Collect$$libinit$$0000002E          0x08000136   Section        0  libinit2.o(.ARM.Collect$$libinit$$0000002E)
    .ARM.Collect$$libinit$$00000030          0x08000136   Section        0  libinit2.o(.ARM.Collect$$libinit$$00000030)
    .ARM.Collect$$libinit$$00000032          0x08000136   Section        0  libinit2.o(.ARM.Collect$$libinit$$00000032)
    .ARM.Collect$$libinit$$00000033          0x08000136   Section        2  libinit2.o(.ARM.Collect$$libinit$$00000033)
    .ARM.Collect$$libshutdown$$00000000      0x08000138   Section        2  libshutdown.o(.ARM.Collect$$libshutdown$$00000000)
    .ARM.Collect$$libshutdown$$00000002      0x0800013a   Section        0  libshutdown2.o(.ARM.Collect$$libshutdown$$00000002)
    .ARM.Collect$$libshutdown$$00000004      0x0800013a   Section        0  libshutdown2.o(.ARM.Collect$$libshutdown$$00000004)
    .ARM.Collect$$libshutdown$$00000007      0x0800013a   Section        0  libshutdown2.o(.ARM.Collect$$libshutdown$$00000007)
    .ARM.Collect$$libshutdown$$0000000A      0x0800013a   Section        0  libshutdown2.o(.ARM.Collect$$libshutdown$$0000000A)
    .ARM.Collect$$libshutdown$$0000000C      0x0800013a   Section        0  libshutdown2.o(.ARM.Collect$$libshutdown$$0000000C)
    .ARM.Collect$$libshutdown$$0000000F      0x0800013a   Section        0  libshutdown2.o(.ARM.Collect$$libshutdown$$0000000F)
    .ARM.Collect$$libshutdown$$00000010      0x0800013a   Section        2  libshutdown2.o(.ARM.Collect$$libshutdown$$00000010)
    .ARM.Collect$$rtentry$$00000000          0x0800013c   Section        0  __rtentry.o(.ARM.Collect$$rtentry$$00000000)
    .ARM.Collect$$rtentry$$00000002          0x0800013c   Section        0  __rtentry2.o(.ARM.Collect$$rtentry$$00000002)
    .ARM.Collect$$rtentry$$00000004          0x0800013c   Section        6  __rtentry4.o(.ARM.Collect$$rtentry$$00000004)
    .ARM.Collect$$rtentry$$00000009          0x08000142   Section        0  __rtentry2.o(.ARM.Collect$$rtentry$$00000009)
    .ARM.Collect$$rtentry$$0000000A          0x08000142   Section        4  __rtentry2.o(.ARM.Collect$$rtentry$$0000000A)
    .ARM.Collect$$rtentry$$0000000C          0x08000146   Section        0  __rtentry2.o(.ARM.Collect$$rtentry$$0000000C)
    .ARM.Collect$$rtentry$$0000000D          0x08000146   Section        8  __rtentry2.o(.ARM.Collect$$rtentry$$0000000D)
    .ARM.Collect$$rtexit$$00000000           0x0800014e   Section        2  rtexit.o(.ARM.Collect$$rtexit$$00000000)
    .ARM.Collect$$rtexit$$00000002           0x08000150   Section        0  rtexit2.o(.ARM.Collect$$rtexit$$00000002)
    .ARM.Collect$$rtexit$$00000003           0x08000150   Section        4  rtexit2.o(.ARM.Collect$$rtexit$$00000003)
    .ARM.Collect$$rtexit$$00000004           0x08000154   Section        6  rtexit2.o(.ARM.Collect$$rtexit$$00000004)
    .text                                    0x0800015c   Section        0  main.o(.text)
    .text                                    0x08000204   Section       64  startup_mdr32f9qx.o(.text)
    .text                                    0x08000244   Section        0  system_mdr32f9qx.o(.text)
    .text                                    0x0800030c   Section        0  mdr32f9qx_port.o(.text)
    .text                                    0x08000580   Section        0  mdr32f9qx_rst_clk.o(.text)
    .text                                    0x08000bbc   Section        0  mdr32f9qx_timer.o(.text)
    .text                                    0x08001118   Section        0  mdr32f9qx_button.o(.text)
    .text                                    0x08001210   Section        0  mdr32f9qx_2led.o(.text)
    .text                                    0x08001270   Section        0  mdr32f9qx_pwm.o(.text)
    NVIC_EnableIRQ                           0x08001505   Thumb Code    22  mdr32f9qx_pwm.o(.text)
    .text                                    0x0800152c   Section        0  heapauxi.o(.text)
    .text                                    0x08001532   Section       74  sys_stackheap_outer.o(.text)
    .text                                    0x0800157c   Section        0  exit.o(.text)
    .text                                    0x08001590   Section        8  libspace.o(.text)
    .text                                    0x08001598   Section        0  sys_exit.o(.text)
    .text                                    0x080015a4   Section        2  use_no_semi.o(.text)
    .text                                    0x080015a6   Section        0  indicate_semi.o(.text)
    .data                                    0x20000000   Section        4  main.o(.data)
    .data                                    0x20000004   Section        4  system_mdr32f9qx.o(.data)
    .bss                                     0x20000008   Section       96  libspace.o(.bss)
    HEAP                                     0x20000068   Section      512  startup_mdr32f9qx.o(HEAP)
    Heap_Mem                                 0x20000068   Data         512  startup_mdr32f9qx.o(HEAP)
    STACK                                    0x20000268   Section     1024  startup_mdr32f9qx.o(STACK)
    Stack_Mem                                0x20000268   Data        1024  startup_mdr32f9qx.o(STACK)
    __initial_sp                             0x20000668   Data           0  startup_mdr32f9qx.o(STACK)

    Global Symbols

    Symbol Name                              Value     Ov Type        Size  Object(Section)

    BuildAttributes$$THM_ISAv4$P$D$K$B$S$PE$A:L22UL41UL21$X:L11$S22US41US21$IEEE1$IW$USESV6$~STKCKD$USESV7$~SHL$OSPACE$ROPI$EBA8$UX$STANDARDLIB$REQ8$PRES8$EABIv2 0x00000000   Number         0  anon$$obj.o ABSOLUTE
    __ARM_use_no_argv                        0x00000000   Number         0  main.o ABSOLUTE
    __ARM_exceptions_init                     - Undefined Weak Reference
    __alloca_initialize                       - Undefined Weak Reference
    __arm_preinit_                            - Undefined Weak Reference
    __cpp_initialize__aeabi_                  - Undefined Weak Reference
    __cxa_finalize                            - Undefined Weak Reference
    __rt_locale                               - Undefined Weak Reference
    __sigvec_lookup                           - Undefined Weak Reference
    _atexit_init                              - Undefined Weak Reference
    _call_atexit_fns                          - Undefined Weak Reference
    _clock_init                               - Undefined Weak Reference
    _fp_trap_init                             - Undefined Weak Reference
    _fp_trap_shutdown                         - Undefined Weak Reference
    _get_lc_collate                           - Undefined Weak Reference
    _get_lc_ctype                             - Undefined Weak Reference
    _get_lc_monetary                          - Undefined Weak Reference
    _get_lc_numeric                           - Undefined Weak Reference
    _get_lc_time                              - Undefined Weak Reference
    _getenv_init                              - Undefined Weak Reference
    _handle_redirection                       - Undefined Weak Reference
    _init_alloc                               - Undefined Weak Reference
    _init_user_alloc                          - Undefined Weak Reference
    _initio                                   - Undefined Weak Reference
    _rand_init                                - Undefined Weak Reference
    _signal_finish                            - Undefined Weak Reference
    _signal_init                              - Undefined Weak Reference
    _terminate_alloc                          - Undefined Weak Reference
    _terminate_user_alloc                     - Undefined Weak Reference
    _terminateio                              - Undefined Weak Reference
    __Vectors_Size                           0x000000c0   Number         0  startup_mdr32f9qx.o ABSOLUTE
    __Vectors                                0x08000000   Data           4  startup_mdr32f9qx.o(RESET)
    __Vectors_End                            0x080000c0   Data           0  startup_mdr32f9qx.o(RESET)
    __main                                   0x080000c1   Thumb Code     8  __main.o(!!!main)
    __scatterload                            0x080000c9   Thumb Code     0  __scatter.o(!!!scatter)
    __scatterload_rt2                        0x080000c9   Thumb Code    44  __scatter.o(!!!scatter)
    __scatterload_rt2_thumb_only             0x080000c9   Thumb Code     0  __scatter.o(!!!scatter)
    __scatterload_null                       0x080000d7   Thumb Code     0  __scatter.o(!!!scatter)
    __scatterload_copy                       0x080000fd   Thumb Code    26  __scatter_copy.o(!!handler_copy)
    __scatterload_zeroinit                   0x08000119   Thumb Code    28  __scatter_zi.o(!!handler_zi)
    __rt_lib_init                            0x08000135   Thumb Code     0  libinit.o(.ARM.Collect$$libinit$$00000000)
    __rt_lib_init_alloca_1                   0x08000137   Thumb Code     0  libinit2.o(.ARM.Collect$$libinit$$0000002E)
    __rt_lib_init_argv_1                     0x08000137   Thumb Code     0  libinit2.o(.ARM.Collect$$libinit$$0000002C)
    __rt_lib_init_atexit_1                   0x08000137   Thumb Code     0  libinit2.o(.ARM.Collect$$libinit$$0000001B)
    __rt_lib_init_clock_1                    0x08000137   Thumb Code     0  libinit2.o(.ARM.Collect$$libinit$$00000021)
    __rt_lib_init_cpp_1                      0x08000137   Thumb Code     0  libinit2.o(.ARM.Collect$$libinit$$00000032)
    __rt_lib_init_exceptions_1               0x08000137   Thumb Code     0  libinit2.o(.ARM.Collect$$libinit$$00000030)
    __rt_lib_init_fp_1                       0x08000137   Thumb Code     0  libinit2.o(.ARM.Collect$$libinit$$00000002)
    __rt_lib_init_fp_trap_1                  0x08000137   Thumb Code     0  libinit2.o(.ARM.Collect$$libinit$$0000001F)
    __rt_lib_init_getenv_1                   0x08000137   Thumb Code     0  libinit2.o(.ARM.Collect$$libinit$$00000023)
    __rt_lib_init_heap_1                     0x08000137   Thumb Code     0  libinit2.o(.ARM.Collect$$libinit$$0000000A)
    __rt_lib_init_lc_collate_1               0x08000137   Thumb Code     0  libinit2.o(.ARM.Collect$$libinit$$00000011)
    __rt_lib_init_lc_ctype_1                 0x08000137   Thumb Code     0  libinit2.o(.ARM.Collect$$libinit$$00000013)
    __rt_lib_init_lc_monetary_1              0x08000137   Thumb Code     0  libinit2.o(.ARM.Collect$$libinit$$00000015)
    __rt_lib_init_lc_numeric_1               0x08000137   Thumb Code     0  libinit2.o(.ARM.Collect$$libinit$$00000017)
    __rt_lib_init_lc_time_1                  0x08000137   Thumb Code     0  libinit2.o(.ARM.Collect$$libinit$$00000019)
    __rt_lib_init_preinit_1                  0x08000137   Thumb Code     0  libinit2.o(.ARM.Collect$$libinit$$00000004)
    __rt_lib_init_rand_1                     0x08000137   Thumb Code     0  libinit2.o(.ARM.Collect$$libinit$$0000000E)
    __rt_lib_init_return                     0x08000137   Thumb Code     0  libinit2.o(.ARM.Collect$$libinit$$00000033)
    __rt_lib_init_signal_1                   0x08000137   Thumb Code     0  libinit2.o(.ARM.Collect$$libinit$$0000001D)
    __rt_lib_init_stdio_1                    0x08000137   Thumb Code     0  libinit2.o(.ARM.Collect$$libinit$$00000025)
    __rt_lib_init_user_alloc_1               0x08000137   Thumb Code     0  libinit2.o(.ARM.Collect$$libinit$$0000000C)
    __rt_lib_shutdown                        0x08000139   Thumb Code     0  libshutdown.o(.ARM.Collect$$libshutdown$$00000000)
    __rt_lib_shutdown_cpp_1                  0x0800013b   Thumb Code     0  libshutdown2.o(.ARM.Collect$$libshutdown$$00000002)
    __rt_lib_shutdown_fp_trap_1              0x0800013b   Thumb Code     0  libshutdown2.o(.ARM.Collect$$libshutdown$$00000007)
    __rt_lib_shutdown_heap_1                 0x0800013b   Thumb Code     0  libshutdown2.o(.ARM.Collect$$libshutdown$$0000000F)
    __rt_lib_shutdown_return                 0x0800013b   Thumb Code     0  libshutdown2.o(.ARM.Collect$$libshutdown$$00000010)
    __rt_lib_shutdown_signal_1               0x0800013b   Thumb Code     0  libshutdown2.o(.ARM.Collect$$libshutdown$$0000000A)
    __rt_lib_shutdown_stdio_1                0x0800013b   Thumb Code     0  libshutdown2.o(.ARM.Collect$$libshutdown$$00000004)
    __rt_lib_shutdown_user_alloc_1           0x0800013b   Thumb Code     0  libshutdown2.o(.ARM.Collect$$libshutdown$$0000000C)
    __rt_entry                               0x0800013d   Thumb Code     0  __rtentry.o(.ARM.Collect$$rtentry$$00000000)
    __rt_entry_presh_1                       0x0800013d   Thumb Code     0  __rtentry2.o(.ARM.Collect$$rtentry$$00000002)
    __rt_entry_sh                            0x0800013d   Thumb Code     0  __rtentry4.o(.ARM.Collect$$rtentry$$00000004)
    __rt_entry_li                            0x08000143   Thumb Code     0  __rtentry2.o(.ARM.Collect$$rtentry$$0000000A)
    __rt_entry_postsh_1                      0x08000143   Thumb Code     0  __rtentry2.o(.ARM.Collect$$rtentry$$00000009)
    __rt_entry_main                          0x08000147   Thumb Code     0  __rtentry2.o(.ARM.Collect$$rtentry$$0000000D)
    __rt_entry_postli_1                      0x08000147   Thumb Code     0  __rtentry2.o(.ARM.Collect$$rtentry$$0000000C)
    __rt_exit                                0x0800014f   Thumb Code     0  rtexit.o(.ARM.Collect$$rtexit$$00000000)
    __rt_exit_ls                             0x08000151   Thumb Code     0  rtexit2.o(.ARM.Collect$$rtexit$$00000003)
    __rt_exit_prels_1                        0x08000151   Thumb Code     0  rtexit2.o(.ARM.Collect$$rtexit$$00000002)
    __rt_exit_exit                           0x08000155   Thumb Code     0  rtexit2.o(.ARM.Collect$$rtexit$$00000004)
    Timer2_IRQHandler                        0x0800015d   Thumb Code   120  main.o(.text)
    main                                     0x080001d5   Thumb Code    26  main.o(.text)
    Reset_Handler                            0x08000205   Thumb Code     8  startup_mdr32f9qx.o(.text)
    NMI_Handler                              0x0800020d   Thumb Code     2  startup_mdr32f9qx.o(.text)
    HardFault_Handler                        0x0800020f   Thumb Code     2  startup_mdr32f9qx.o(.text)
    MemManage_Handler                        0x08000211   Thumb Code     2  startup_mdr32f9qx.o(.text)
    BusFault_Handler                         0x08000213   Thumb Code     2  startup_mdr32f9qx.o(.text)
    UsageFault_Handler                       0x08000215   Thumb Code     2  startup_mdr32f9qx.o(.text)
    SVC_Handler                              0x08000217   Thumb Code     2  startup_mdr32f9qx.o(.text)
    DebugMon_Handler                         0x08000219   Thumb Code     2  startup_mdr32f9qx.o(.text)
    PendSV_Handler                           0x0800021b   Thumb Code     2  startup_mdr32f9qx.o(.text)
    SysTick_Handler                          0x0800021d   Thumb Code     2  startup_mdr32f9qx.o(.text)
    ADC_IRQHandler                           0x0800021f   Thumb Code     0  startup_mdr32f9qx.o(.text)
    BACKUP_IRQHandler                        0x0800021f   Thumb Code     0  startup_mdr32f9qx.o(.text)
    CAN1_IRQHandler                          0x0800021f   Thumb Code     0  startup_mdr32f9qx.o(.text)
    CAN2_IRQHandler                          0x0800021f   Thumb Code     0  startup_mdr32f9qx.o(.text)
    COMPARATOR_IRQHandler                    0x0800021f   Thumb Code     0  startup_mdr32f9qx.o(.text)
    DMA_IRQHandler                           0x0800021f   Thumb Code     0  startup_mdr32f9qx.o(.text)
    EXT_INT1_IRQHandler                      0x0800021f   Thumb Code     0  startup_mdr32f9qx.o(.text)
    EXT_INT2_IRQHandler                      0x0800021f   Thumb Code     0  startup_mdr32f9qx.o(.text)
    EXT_INT3_IRQHandler                      0x0800021f   Thumb Code     0  startup_mdr32f9qx.o(.text)
    EXT_INT4_IRQHandler                      0x0800021f   Thumb Code     0  startup_mdr32f9qx.o(.text)
    I2C_IRQHandler                           0x0800021f   Thumb Code     0  startup_mdr32f9qx.o(.text)
    POWER_IRQHandler                         0x0800021f   Thumb Code     0  startup_mdr32f9qx.o(.text)
    SSP1_IRQHandler                          0x0800021f   Thumb Code     0  startup_mdr32f9qx.o(.text)
    SSP2_IRQHandler                          0x0800021f   Thumb Code     0  startup_mdr32f9qx.o(.text)
    Timer1_IRQHandler                        0x0800021f   Thumb Code     0  startup_mdr32f9qx.o(.text)
    Timer3_IRQHandler                        0x0800021f   Thumb Code     0  startup_mdr32f9qx.o(.text)
    UART1_IRQHandler                         0x0800021f   Thumb Code     0  startup_mdr32f9qx.o(.text)
    UART2_IRQHandler                         0x0800021f   Thumb Code     0  startup_mdr32f9qx.o(.text)
    USB_IRQHandler                           0x0800021f   Thumb Code     0  startup_mdr32f9qx.o(.text)
    WWDG_IRQHandler                          0x0800021f   Thumb Code     0  startup_mdr32f9qx.o(.text)
    __user_initial_stackheap                 0x08000221   Thumb Code     0  startup_mdr32f9qx.o(.text)
    SystemCoreClockUpdate                    0x08000245   Thumb Code   130  system_mdr32f9qx.o(.text)
    SystemInit                               0x080002c7   Thumb Code    54  system_mdr32f9qx.o(.text)
    PORT_DeInit                              0x0800030d   Thumb Code    20  mdr32f9qx_port.o(.text)
    PORT_Init                                0x08000321   Thumb Code   450  mdr32f9qx_port.o(.text)
    PORT_StructInit                          0x080004e3   Thumb Code    28  mdr32f9qx_port.o(.text)
    PORT_ReadInputDataBit                    0x080004ff   Thumb Code    16  mdr32f9qx_port.o(.text)
    PORT_ReadInputData                       0x0800050f   Thumb Code     6  mdr32f9qx_port.o(.text)
    PORT_SetBits                             0x08000515   Thumb Code    22  mdr32f9qx_port.o(.text)
    PORT_ResetBits                           0x0800052b   Thumb Code    22  mdr32f9qx_port.o(.text)
    PORT_WriteBit                            0x08000541   Thumb Code    40  mdr32f9qx_port.o(.text)
    PORT_Write                               0x08000569   Thumb Code    20  mdr32f9qx_port.o(.text)
    RST_CLK_PCLKcmd                          0x08000581   Thumb Code    26  mdr32f9qx_rst_clk.o(.text)
    RST_CLK_CPUclkSelection                  0x0800059b   Thumb Code    16  mdr32f9qx_rst_clk.o(.text)
    RST_CLK_GetFlagStatus                    0x080005ab   Thumb Code    42  mdr32f9qx_rst_clk.o(.text)
    RST_CLK_HSIstatus                        0x080005d5   Thumb Code    52  mdr32f9qx_rst_clk.o(.text)
    RST_CLK_HSIcmd                           0x08000609   Thumb Code     6  mdr32f9qx_rst_clk.o(.text)
    RST_CLK_WarmDeInit                       0x0800060f   Thumb Code    74  mdr32f9qx_rst_clk.o(.text)
    RST_CLK_DeInit                           0x08000659   Thumb Code    38  mdr32f9qx_rst_clk.o(.text)
    RST_CLK_HSEconfig                        0x0800067f   Thumb Code    56  mdr32f9qx_rst_clk.o(.text)
    RST_CLK_HSEstatus                        0x080006b7   Thumb Code    52  mdr32f9qx_rst_clk.o(.text)
    RST_CLK_LSEconfig                        0x080006eb   Thumb Code    56  mdr32f9qx_rst_clk.o(.text)
    RST_CLK_LSEstatus                        0x08000723   Thumb Code    52  mdr32f9qx_rst_clk.o(.text)
    RST_CLK_HSIadjust                        0x08000757   Thumb Code    18  mdr32f9qx_rst_clk.o(.text)
    RST_CLK_LSIcmd                           0x08000769   Thumb Code     8  mdr32f9qx_rst_clk.o(.text)
    RST_CLK_LSIadjust                        0x08000771   Thumb Code    18  mdr32f9qx_rst_clk.o(.text)
    RST_CLK_LSIstatus                        0x08000783   Thumb Code    52  mdr32f9qx_rst_clk.o(.text)
    RST_CLK_CPU_PLLconfig                    0x080007b7   Thumb Code    54  mdr32f9qx_rst_clk.o(.text)
    RST_CLK_CPU_PLLuse                       0x080007ed   Thumb Code     6  mdr32f9qx_rst_clk.o(.text)
    RST_CLK_CPU_PLLcmd                       0x080007f3   Thumb Code     6  mdr32f9qx_rst_clk.o(.text)
    RST_CLK_CPU_PLLstatus                    0x080007f9   Thumb Code    52  mdr32f9qx_rst_clk.o(.text)
    RST_CLK_CPUclkPrescaler                  0x0800082d   Thumb Code    18  mdr32f9qx_rst_clk.o(.text)
    RST_CLK_USB_PLLconfig                    0x0800083f   Thumb Code    56  mdr32f9qx_rst_clk.o(.text)
    RST_CLK_USB_PLLuse                       0x08000877   Thumb Code     8  mdr32f9qx_rst_clk.o(.text)
    RST_CLK_USB_PLLcmd                       0x0800087f   Thumb Code     8  mdr32f9qx_rst_clk.o(.text)
    RST_CLK_USB_PLLstatus                    0x08000887   Thumb Code    52  mdr32f9qx_rst_clk.o(.text)
    RST_CLK_USBclkPrescaler                  0x080008bb   Thumb Code     8  mdr32f9qx_rst_clk.o(.text)
    RST_CLK_USBclkEnable                     0x080008c3   Thumb Code     8  mdr32f9qx_rst_clk.o(.text)
    RST_CLK_ADCclkSelection                  0x080008cb   Thumb Code    16  mdr32f9qx_rst_clk.o(.text)
    RST_CLK_ADCclkPrescaler                  0x080008db   Thumb Code    18  mdr32f9qx_rst_clk.o(.text)
    RST_CLK_ADCclkEnable                     0x080008ed   Thumb Code     6  mdr32f9qx_rst_clk.o(.text)
    RST_CLK_HSIclkPrescaler                  0x080008f3   Thumb Code    18  mdr32f9qx_rst_clk.o(.text)
    RST_CLK_RTC_HSIclkEnable                 0x08000905   Thumb Code     8  mdr32f9qx_rst_clk.o(.text)
    RST_CLK_HSEclkPrescaler                  0x0800090d   Thumb Code    16  mdr32f9qx_rst_clk.o(.text)
    RST_CLK_RTC_HSEclkEnable                 0x0800091d   Thumb Code     8  mdr32f9qx_rst_clk.o(.text)
    RST_CLK_GetClocksFreq                    0x08000925   Thumb Code   654  mdr32f9qx_rst_clk.o(.text)
    TIMER_DeInit                             0x08000bbd   Thumb Code    68  mdr32f9qx_timer.o(.text)
    TIMER_CntInit                            0x08000c01   Thumb Code    54  mdr32f9qx_timer.o(.text)
    TIMER_CntStructInit                      0x08000c37   Thumb Code    28  mdr32f9qx_timer.o(.text)
    TIMER_Cmd                                0x08000c53   Thumb Code    20  mdr32f9qx_timer.o(.text)
    TIMER_SetCounter                         0x08000c67   Thumb Code     4  mdr32f9qx_timer.o(.text)
    TIMER_SetCntPrescaler                    0x08000c6b   Thumb Code     4  mdr32f9qx_timer.o(.text)
    TIMER_SetCntAutoreload                   0x08000c6f   Thumb Code     4  mdr32f9qx_timer.o(.text)
    TIMER_CntAutoreloadConfig                0x08000c73   Thumb Code    18  mdr32f9qx_timer.o(.text)
    TIMER_GetCounter                         0x08000c85   Thumb Code     8  mdr32f9qx_timer.o(.text)
    TIMER_CntEventSourceConfig               0x08000c8d   Thumb Code    14  mdr32f9qx_timer.o(.text)
    TIMER_FilterSamplingConfig               0x08000c9b   Thumb Code    14  mdr32f9qx_timer.o(.text)
    TIMER_CounterModeConfig                  0x08000ca9   Thumb Code    14  mdr32f9qx_timer.o(.text)
    TIMER_SetCounterDirection                0x08000cb7   Thumb Code    14  mdr32f9qx_timer.o(.text)
    TIMER_ETRInputConfig                     0x08000cc5   Thumb Code    22  mdr32f9qx_timer.o(.text)
    TIMER_ETRFilterConfig                    0x08000cdb   Thumb Code    16  mdr32f9qx_timer.o(.text)
    TIMER_ETRPrescalerConfig                 0x08000ceb   Thumb Code    14  mdr32f9qx_timer.o(.text)
    TIMER_ETRPolarityConfig                  0x08000cf9   Thumb Code    14  mdr32f9qx_timer.o(.text)
    TIMER_BRKPolarityConfig                  0x08000d07   Thumb Code    14  mdr32f9qx_timer.o(.text)
    TIMER_GetCounterDirection                0x08000d15   Thumb Code    18  mdr32f9qx_timer.o(.text)
    TIMER_GetCntWriteComplete                0x08000d27   Thumb Code    18  mdr32f9qx_timer.o(.text)
    TIMER_ChnInit                            0x08000d39   Thumb Code    70  mdr32f9qx_timer.o(.text)
    TIMER_ChnStructInit                      0x08000d7f   Thumb Code    28  mdr32f9qx_timer.o(.text)
    TIMER_SetChnCompare                      0x08000d9b   Thumb Code    14  mdr32f9qx_timer.o(.text)
    TIMER_SetChnCompare1                     0x08000da9   Thumb Code    14  mdr32f9qx_timer.o(.text)
    TIMER_ChnCompareConfig                   0x08000db7   Thumb Code    32  mdr32f9qx_timer.o(.text)
    TIMER_ChnCompare1Config                  0x08000dd7   Thumb Code    32  mdr32f9qx_timer.o(.text)
    TIMER_GetChnCapture                      0x08000df7   Thumb Code    18  mdr32f9qx_timer.o(.text)
    TIMER_GetChnCapture1                     0x08000e09   Thumb Code    18  mdr32f9qx_timer.o(.text)
    TIMER_ChnETR_Cmd                         0x08000e1b   Thumb Code    30  mdr32f9qx_timer.o(.text)
    TIMER_ChnETRResetConfig                  0x08000e39   Thumb Code    24  mdr32f9qx_timer.o(.text)
    TIMER_ChnBRKResetConfig                  0x08000e51   Thumb Code    24  mdr32f9qx_timer.o(.text)
    TIMER_ChnREFFormatConfig                 0x08000e69   Thumb Code    24  mdr32f9qx_timer.o(.text)
    TIMER_ChnCapturePrescalerConfig          0x08000e81   Thumb Code    26  mdr32f9qx_timer.o(.text)
    TIMER_ChnEventSourceConfig               0x08000e9b   Thumb Code    24  mdr32f9qx_timer.o(.text)
    TIMER_ChnFilterConfig                    0x08000eb3   Thumb Code    24  mdr32f9qx_timer.o(.text)
    TIMER_GetChnWriteComplete                0x08000ecb   Thumb Code    28  mdr32f9qx_timer.o(.text)
    TIMER_ChnCCR1_EventSourceConfig          0x08000ee7   Thumb Code    24  mdr32f9qx_timer.o(.text)
    TIMER_ChnCCR1_Cmd                        0x08000eff   Thumb Code    30  mdr32f9qx_timer.o(.text)
    TIMER_ChnOutInit                         0x08000f1d   Thumb Code    66  mdr32f9qx_timer.o(.text)
    TIMER_ChnOutStructInit                   0x08000f5f   Thumb Code    22  mdr32f9qx_timer.o(.text)
    TIMER_ChnOutConfig                       0x08000f75   Thumb Code    34  mdr32f9qx_timer.o(.text)
    TIMER_ChnOutSourceConfig                 0x08000f97   Thumb Code    26  mdr32f9qx_timer.o(.text)
    TIMER_ChnOutModeConfig                   0x08000fb1   Thumb Code    24  mdr32f9qx_timer.o(.text)
    TIMER_ChnOutPolarityConfig               0x08000fc9   Thumb Code    26  mdr32f9qx_timer.o(.text)
    TIMER_ChnNOutConfig                      0x08000fe3   Thumb Code    36  mdr32f9qx_timer.o(.text)
    TIMER_ChnNOutSourceConfig                0x08001007   Thumb Code    26  mdr32f9qx_timer.o(.text)
    TIMER_ChnNOutModeConfig                  0x08001021   Thumb Code    26  mdr32f9qx_timer.o(.text)
    TIMER_ChnNOutPolarityConfig              0x0800103b   Thumb Code    26  mdr32f9qx_timer.o(.text)
    TIMER_ChnOutDTGConfig                    0x08001055   Thumb Code    20  mdr32f9qx_timer.o(.text)
    TIMER_GetStatus                          0x08001069   Thumb Code     6  mdr32f9qx_timer.o(.text)
    TIMER_GetFlagStatus                      0x0800106f   Thumb Code    16  mdr32f9qx_timer.o(.text)
    TIMER_ClearFlag                          0x0800107f   Thumb Code     8  mdr32f9qx_timer.o(.text)
    TIMER_DMACmd                             0x08001087   Thumb Code    18  mdr32f9qx_timer.o(.text)
    TIMER_ITConfig                           0x08001099   Thumb Code    18  mdr32f9qx_timer.o(.text)
    TIMER_GetITStatus                        0x080010ab   Thumb Code    24  mdr32f9qx_timer.o(.text)
    TIMER_BRGInit                            0x080010c3   Thumb Code    68  mdr32f9qx_timer.o(.text)
    initPinForButton                         0x08001119   Thumb Code   230  mdr32f9qx_button.o(.text)
    initPinPortCForLed                       0x08001211   Thumb Code    86  mdr32f9qx_2led.o(.text)
    initTimerPWMled                          0x08001271   Thumb Code    96  mdr32f9qx_pwm.o(.text)
    initTimerPWMledSPL                       0x080012d1   Thumb Code   286  mdr32f9qx_pwm.o(.text)
    initTimerPWMconstPeriod                  0x080013ef   Thumb Code   102  mdr32f9qx_pwm.o(.text)
    initTimerButtonCheck                     0x08001455   Thumb Code    58  mdr32f9qx_pwm.o(.text)
    initTimerButtonCheckSPL                  0x0800148f   Thumb Code   118  mdr32f9qx_pwm.o(.text)
    __use_two_region_memory                  0x0800152d   Thumb Code     2  heapauxi.o(.text)
    __rt_heap_escrow$2region                 0x0800152f   Thumb Code     2  heapauxi.o(.text)
    __rt_heap_expand$2region                 0x08001531   Thumb Code     2  heapauxi.o(.text)
    __user_setup_stackheap                   0x08001533   Thumb Code    74  sys_stackheap_outer.o(.text)
    exit                                     0x0800157d   Thumb Code    18  exit.o(.text)
    __user_libspace                          0x08001591   Thumb Code     8  libspace.o(.text)
    __user_perproc_libspace                  0x08001591   Thumb Code     0  libspace.o(.text)
    __user_perthread_libspace                0x08001591   Thumb Code     0  libspace.o(.text)
    _sys_exit                                0x08001599   Thumb Code     8  sys_exit.o(.text)
    __I$use$semihosting                      0x080015a5   Thumb Code     0  use_no_semi.o(.text)
    __use_no_semihosting_swi                 0x080015a5   Thumb Code     2  use_no_semi.o(.text)
    __semihosting_library_function           0x080015a7   Thumb Code     0  indicate_semi.o(.text)
    Region$$Table$$Base                      0x080015a8   Number         0  anon$$obj.o(Region$$Table)
    Region$$Table$$Limit                     0x080015c8   Number         0  anon$$obj.o(Region$$Table)
    PWM_time                                 0x20000000   Data           4  main.o(.data)
    SystemCoreClock                          0x20000004   Data           4  system_mdr32f9qx.o(.data)
    __libspace_start                         0x20000008   Data          96  libspace.o(.bss)
    __temporary_stack_top$libspace           0x20000068   Data           0  libspace.o(.bss)



==============================================================================

Memory Map of the image

  Image Entry point : 0x080000c1

  Load Region LR_IROM1 (Base: 0x08000000, Size: 0x000015d0, Max: 0x00020000, ABSOLUTE)

    Execution Region ER_IROM1 (Base: 0x08000000, Size: 0x000015c8, Max: 0x00020000, ABSOLUTE)

    Base Addr    Size         Type   Attr      Idx    E Section Name        Object

    0x08000000   0x000000c0   Data   RO           76    RESET               startup_mdr32f9qx.o
    0x080000c0   0x00000008   Code   RO          646  * !!!main             c_w.l(__main.o)
    0x080000c8   0x00000034   Code   RO          803    !!!scatter          c_w.l(__scatter.o)
    0x080000fc   0x0000001a   Code   RO          805    !!handler_copy      c_w.l(__scatter_copy.o)
    0x08000116   0x00000002   PAD
    0x08000118   0x0000001c   Code   RO          807    !!handler_zi        c_w.l(__scatter_zi.o)
    0x08000134   0x00000002   Code   RO          673    .ARM.Collect$$libinit$$00000000  c_w.l(libinit.o)
    0x08000136   0x00000000   Code   RO          680    .ARM.Collect$$libinit$$00000002  c_w.l(libinit2.o)
    0x08000136   0x00000000   Code   RO          682    .ARM.Collect$$libinit$$00000004  c_w.l(libinit2.o)
    0x08000136   0x00000000   Code   RO          685    .ARM.Collect$$libinit$$0000000A  c_w.l(libinit2.o)
    0x08000136   0x00000000   Code   RO          687    .ARM.Collect$$libinit$$0000000C  c_w.l(libinit2.o)
    0x08000136   0x00000000   Code   RO          689    .ARM.Collect$$libinit$$0000000E  c_w.l(libinit2.o)
    0x08000136   0x00000000   Code   RO          692    .ARM.Collect$$libinit$$00000011  c_w.l(libinit2.o)
    0x08000136   0x00000000   Code   RO          694    .ARM.Collect$$libinit$$00000013  c_w.l(libinit2.o)
    0x08000136   0x00000000   Code   RO          696    .ARM.Collect$$libinit$$00000015  c_w.l(libinit2.o)
    0x08000136   0x00000000   Code   RO          698    .ARM.Collect$$libinit$$00000017  c_w.l(libinit2.o)
    0x08000136   0x00000000   Code   RO          700    .ARM.Collect$$libinit$$00000019  c_w.l(libinit2.o)
    0x08000136   0x00000000   Code   RO          702    .ARM.Collect$$libinit$$0000001B  c_w.l(libinit2.o)
    0x08000136   0x00000000   Code   RO          704    .ARM.Collect$$libinit$$0000001D  c_w.l(libinit2.o)
    0x08000136   0x00000000   Code   RO          706    .ARM.Collect$$libinit$$0000001F  c_w.l(libinit2.o)
    0x08000136   0x00000000   Code   RO          708    .ARM.Collect$$libinit$$00000021  c_w.l(libinit2.o)
    0x08000136   0x00000000   Code   RO          710    .ARM.Collect$$libinit$$00000023  c_w.l(libinit2.o)
    0x08000136   0x00000000   Code   RO          712    .ARM.Collect$$libinit$$00000025  c_w.l(libinit2.o)
    0x08000136   0x00000000   Code   RO          716    .ARM.Collect$$libinit$$0000002C  c_w.l(libinit2.o)
    0x08000136   0x00000000   Code   RO          718    .ARM.Collect$$libinit$$0000002E  c_w.l(libinit2.o)
    0x08000136   0x00000000   Code   RO          720    .ARM.Collect$$libinit$$00000030  c_w.l(libinit2.o)
    0x08000136   0x00000000   Code   RO          722    .ARM.Collect$$libinit$$00000032  c_w.l(libinit2.o)
    0x08000136   0x00000002   Code   RO          723    .ARM.Collect$$libinit$$00000033  c_w.l(libinit2.o)
    0x08000138   0x00000002   Code   RO          743    .ARM.Collect$$libshutdown$$00000000  c_w.l(libshutdown.o)
    0x0800013a   0x00000000   Code   RO          756    .ARM.Collect$$libshutdown$$00000002  c_w.l(libshutdown2.o)
    0x0800013a   0x00000000   Code   RO          758    .ARM.Collect$$libshutdown$$00000004  c_w.l(libshutdown2.o)
    0x0800013a   0x00000000   Code   RO          761    .ARM.Collect$$libshutdown$$00000007  c_w.l(libshutdown2.o)
    0x0800013a   0x00000000   Code   RO          764    .ARM.Collect$$libshutdown$$0000000A  c_w.l(libshutdown2.o)
    0x0800013a   0x00000000   Code   RO          766    .ARM.Collect$$libshutdown$$0000000C  c_w.l(libshutdown2.o)
    0x0800013a   0x00000000   Code   RO          769    .ARM.Collect$$libshutdown$$0000000F  c_w.l(libshutdown2.o)
    0x0800013a   0x00000002   Code   RO          770    .ARM.Collect$$libshutdown$$00000010  c_w.l(libshutdown2.o)
    0x0800013c   0x00000000   Code   RO          648    .ARM.Collect$$rtentry$$00000000  c_w.l(__rtentry.o)
    0x0800013c   0x00000000   Code   RO          650    .ARM.Collect$$rtentry$$00000002  c_w.l(__rtentry2.o)
    0x0800013c   0x00000006   Code   RO          662    .ARM.Collect$$rtentry$$00000004  c_w.l(__rtentry4.o)
    0x08000142   0x00000000   Code   RO          652    .ARM.Collect$$rtentry$$00000009  c_w.l(__rtentry2.o)
    0x08000142   0x00000004   Code   RO          653    .ARM.Collect$$rtentry$$0000000A  c_w.l(__rtentry2.o)
    0x08000146   0x00000000   Code   RO          655    .ARM.Collect$$rtentry$$0000000C  c_w.l(__rtentry2.o)
    0x08000146   0x00000008   Code   RO          656    .ARM.Collect$$rtentry$$0000000D  c_w.l(__rtentry2.o)
    0x0800014e   0x00000002   Code   RO          677    .ARM.Collect$$rtexit$$00000000  c_w.l(rtexit.o)
    0x08000150   0x00000000   Code   RO          725    .ARM.Collect$$rtexit$$00000002  c_w.l(rtexit2.o)
    0x08000150   0x00000004   Code   RO          726    .ARM.Collect$$rtexit$$00000003  c_w.l(rtexit2.o)
    0x08000154   0x00000006   Code   RO          727    .ARM.Collect$$rtexit$$00000004  c_w.l(rtexit2.o)
    0x0800015a   0x00000002   PAD
    0x0800015c   0x000000a8   Code   RO            3    .text               main.o
    0x08000204   0x00000040   Code   RO           77    .text               startup_mdr32f9qx.o
    0x08000244   0x000000c8   Code   RO           83    .text               system_mdr32f9qx.o
    0x0800030c   0x00000274   Code   RO          405    .text               mdr32f9qx_port.o
    0x08000580   0x0000063c   Code   RO          448    .text               mdr32f9qx_rst_clk.o
    0x08000bbc   0x0000055c   Code   RO          488    .text               mdr32f9qx_timer.o
    0x08001118   0x000000f8   Code   RO          580    .text               mdr32f9qx_button.o
    0x08001210   0x00000060   Code   RO          600    .text               mdr32f9qx_2led.o
    0x08001270   0x000002bc   Code   RO          620    .text               mdr32f9qx_pwm.o
    0x0800152c   0x00000006   Code   RO          644    .text               c_w.l(heapauxi.o)
    0x08001532   0x0000004a   Code   RO          664    .text               c_w.l(sys_stackheap_outer.o)
    0x0800157c   0x00000012   Code   RO          666    .text               c_w.l(exit.o)
    0x0800158e   0x00000002   PAD
    0x08001590   0x00000008   Code   RO          674    .text               c_w.l(libspace.o)
    0x08001598   0x0000000c   Code   RO          735    .text               c_w.l(sys_exit.o)
    0x080015a4   0x00000002   Code   RO          746    .text               c_w.l(use_no_semi.o)
    0x080015a6   0x00000000   Code   RO          748    .text               c_w.l(indicate_semi.o)
    0x080015a6   0x00000002   PAD
    0x080015a8   0x00000020   Data   RO          801    Region$$Table       anon$$obj.o


    Execution Region RW_IRAM1 (Base: 0x20000000, Size: 0x00000668, Max: 0x00008000, ABSOLUTE)

    Base Addr    Size         Type   Attr      Idx    E Section Name        Object

    0x20000000   0x00000004   Data   RW            4    .data               main.o
    0x20000004   0x00000004   Data   RW           84    .data               system_mdr32f9qx.o
    0x20000008   0x00000060   Zero   RW          675    .bss                c_w.l(libspace.o)
    0x20000068   0x00000200   Zero   RW           75    HEAP                startup_mdr32f9qx.o
    0x20000268   0x00000400   Zero   RW           74    STACK               startup_mdr32f9qx.o


==============================================================================

Image component sizes


      Code (inc. data)   RO Data    RW Data    ZI Data      Debug   Object Name

       168         22          0          4          0      65352   main.o
        96         10          0          0          0        461   mdr32f9qx_2led.o
       248         18          0          0          0        527   mdr32f9qx_button.o
       628          4          0          0          0       3074   mdr32f9qx_port.o
       700         18          0          0          0      25593   mdr32f9qx_pwm.o
      1596         42          0          0          0      10502   mdr32f9qx_rst_clk.o
      1372         18          0          0          0      31420   mdr32f9qx_timer.o
        64         26        192          0       1536        820   startup_mdr32f9qx.o
       200         16          0          4          0       1025   system_mdr32f9qx.o

    ----------------------------------------------------------------------
      5072        174        224          8       1536     138774   Object Totals
         0          0         32          0          0          0   (incl. Generated)
         0          0          0          0          0          0   (incl. Padding)

    ----------------------------------------------------------------------

      Code (inc. data)   RO Data    RW Data    ZI Data      Debug   Library Member Name

         8          0          0          0          0         68   __main.o
         0          0          0          0          0          0   __rtentry.o
        12          0          0          0          0          0   __rtentry2.o
         6          0          0          0          0          0   __rtentry4.o
        52          8          0          0          0          0   __scatter.o
        26          0          0          0          0          0   __scatter_copy.o
        28          0          0          0          0          0   __scatter_zi.o
        18          0          0          0          0         80   exit.o
         6          0          0          0          0        152   heapauxi.o
         0          0          0          0          0          0   indicate_semi.o
         2          0          0          0          0          0   libinit.o
         2          0          0          0          0          0   libinit2.o
         2          0          0          0          0          0   libshutdown.o
         2          0          0          0          0          0   libshutdown2.o
         8          4          0          0         96         68   libspace.o
         2          0          0          0          0          0   rtexit.o
        10          0          0          0          0          0   rtexit2.o
        12          4          0          0          0         68   sys_exit.o
        74          0          0          0          0         80   sys_stackheap_outer.o
         2          0          0          0          0         68   use_no_semi.o

    ----------------------------------------------------------------------
       280         16          0          0         96        584   Library Totals
         8          0          0          0          0          0   (incl. Padding)

    ----------------------------------------------------------------------

      Code (inc. data)   RO Data    RW Data    ZI Data      Debug   Library Name

       272         16          0          0         96        584   c_w.l

    ----------------------------------------------------------------------
       280         16          0          0         96        584   Library Totals

    ----------------------------------------------------------------------

==============================================================================


      Code (inc. data)   RO Data    RW Data    ZI Data      Debug   

      5352        190        224          8       1632     138522   Grand Totals
      5352        190        224          8       1632     138522   ELF Image Totals
      5352        190        224          8          0          0   ROM Totals

==============================================================================

    Total RO  Size (Code + RO Data)                 5576 (   5.45kB)
    Total RW  Size (RW Data + ZI Data)              1640 (   1.60kB)
    Total ROM Size (Code + RO Data + RW Data)       5584 (   5.45kB)

==============================================================================

