<html>
<body>
<pre>
<h1>µVision Build Log</h1>
<h2>Project:</h2>
C:\WORK\1986ve9proj\1986ve9proj.uvproj
Project File Date:  07/20/2015

<h2>Output:</h2>
Rebuild target 'Target 1'
compiling main.c...
..\ve9libs\main.c(63): warning:  #951-D: return type of function "main" must be "int"
..\ve9libs\main.c(65): warning:  #177-D: variable "DataByte" was declared but never referenced
..\ve9libs\main.c(66): warning:  #177-D: variable "ReciveByte" was declared but never referenced
compiling MDR32F9Qx_adc.c...
compiling MDR32F9Qx_audio.c...
compiling MDR32F9Qx_bkp.c...
compiling MDR32F9Qx_can.c...
compiling MDR32F9Qx_comp.c...
compiling MDR32F9Qx_dac.c...
compiling MDR32F9Qx_dma.c...
compiling MDR32F9Qx_ebc.c...
compiling MDR32F9Qx_eeprom.c...
compiling MDR32F9Qx_i2c.c...
compiling MDR32F9Qx_iwdg.c...
compiling MDR32F9Qx_keypad.c...
compiling MDR32F9Qx_led.c...
compiling MDR32F9Qx_port.c...
compiling MDR32F9Qx_power.c...
compiling MDR32F9Qx_rst_clk.c...
compiling MDR32F9Qx_ssp.c...
compiling MDR32F9Qx_timer.c...
compiling MDR32F9Qx_uart.c...
compiling MDR32F9Qx_usb.c...
compiling MDR32F9Qx_wwdg.c...
assembling startup_MDR32F9Qx.s...
compiling system_MDR32F9Qx.c...
linking...
Program Size: Code=3424 RO-data=224 RW-data=4 ZI-data=1756  
FromELF: creating hex file...
"1986ve9proj.axf" - 0 Error(s), 3 Warning(s).
